#-----------------------------------------------------------
# Vivado v2022.1 (64-bit)
# SW Build 3526262 on Mon Apr 18 15:48:16 MDT 2022
# IP Build 3524634 on Mon Apr 18 20:55:01 MDT 2022
# Start of session at: Fri Aug 18 17:57:47 2023
# Process ID: 23764
# Current directory: C:/Users/raque/OneDrive/Documentos/master/TFM/Vivado/pruebas_RF/pruebas_RF.runs/design_1_axi_gpio_0_2_synth_1
# Command line: vivado.exe -log design_1_axi_gpio_0_2.vds -product Vivado -mode batch -messageDb vivado.pb -notrace -source design_1_axi_gpio_0_2.tcl
# Log file: C:/Users/raque/OneDrive/Documentos/master/TFM/Vivado/pruebas_RF/pruebas_RF.runs/design_1_axi_gpio_0_2_synth_1/design_1_axi_gpio_0_2.vds
# Journal file: C:/Users/raque/OneDrive/Documentos/master/TFM/Vivado/pruebas_RF/pruebas_RF.runs/design_1_axi_gpio_0_2_synth_1\vivado.jou
# Running On: DESKTOP-37DH2T5, OS: Windows, CPU Frequency: 1382 MHz, CPU Physical cores: 4, Host memory: 8303 MB
#-----------------------------------------------------------
source design_1_axi_gpio_0_2.tcl -notrace
