Copyright 1986-2022 Xilinx, Inc. All Rights Reserved.
---------------------------------------------------------------------------------------------------------------------------------------
| Tool Version : Vivado v.2022.1 (win64) Build 3526262 Mon Apr 18 15:48:16 MDT 2022
| Date         : Fri Sep  1 12:58:34 2023
| Host         : DESKTOP-37DH2T5 running 64-bit major release  (build 9200)
| Command      : report_drc -file design_1_wrapper_drc_opted.rpt -pb design_1_wrapper_drc_opted.pb -rpx design_1_wrapper_drc_opted.rpx
| Design       : design_1_wrapper
| Device       : xczu48dr-ffvg1517-2-e
| Speed File   : -2
| Design State : Synthesized
---------------------------------------------------------------------------------------------------------------------------------------

Report DRC

Table of Contents
-----------------
1. REPORT SUMMARY
2. REPORT DETAILS

1. REPORT SUMMARY
-----------------
            Netlist: netlist
          Floorplan: design_1
      Design limits: <entire design considered>
           Ruledeck: default
             Max violations: <unlimited>
             Violations found: 21
+--------+----------+------------------------+------------+
| Rule   | Severity | Description            | Violations |
+--------+----------+------------------------+------------+
| DPIP-2 | Warning  | Input pipelining       | 9          |
| DPOP-3 | Warning  | PREG Output pipelining | 6          |
| DPOP-4 | Warning  | MREG Output pipelining | 6          |
+--------+----------+------------------------+------------+

2. REPORT DETAILS
-----------------
DPIP-2#1 Warning
Input pipelining  
DSP design_1_i/hier_DACgeneration/DAC_generator_16w_0/U0/params_generator/alfa_out_00 input design_1_i/hier_DACgeneration/DAC_generator_16w_0/U0/params_generator/alfa_out_00/A[29:0] is not pipelined. Pipelining DSP48 input will improve performance.
Related violations: <none>

DPIP-2#2 Warning
Input pipelining  
DSP design_1_i/hier_DACgeneration/DAC_generator_16w_0/U0/params_generator/alfa_out_00 input design_1_i/hier_DACgeneration/DAC_generator_16w_0/U0/params_generator/alfa_out_00/B[17:0] is not pipelined. Pipelining DSP48 input will improve performance.
Related violations: <none>

DPIP-2#3 Warning
Input pipelining  
DSP design_1_i/hier_DACgeneration/DAC_generator_16w_0/U0/params_generator/alfa_out_01 input design_1_i/hier_DACgeneration/DAC_generator_16w_0/U0/params_generator/alfa_out_01/A[29:0] is not pipelined. Pipelining DSP48 input will improve performance.
Related violations: <none>

DPIP-2#4 Warning
Input pipelining  
DSP design_1_i/hier_DACgeneration/DAC_generator_16w_0/U0/params_generator/linear_interpolation0 input design_1_i/hier_DACgeneration/DAC_generator_16w_0/U0/params_generator/linear_interpolation0/A[29:0] is not pipelined. Pipelining DSP48 input will improve performance.
Related violations: <none>

DPIP-2#5 Warning
Input pipelining  
DSP design_1_i/hier_DACgeneration/DAC_generator_16w_0/U0/params_generator/linear_interpolation0 input design_1_i/hier_DACgeneration/DAC_generator_16w_0/U0/params_generator/linear_interpolation0/B[17:0] is not pipelined. Pipelining DSP48 input will improve performance.
Related violations: <none>

DPIP-2#6 Warning
Input pipelining  
DSP design_1_i/hier_DACgeneration/DAC_generator_16w_0/U0/params_generator/linear_interpolation0__0 input design_1_i/hier_DACgeneration/DAC_generator_16w_0/U0/params_generator/linear_interpolation0__0/A[29:0] is not pipelined. Pipelining DSP48 input will improve performance.
Related violations: <none>

DPIP-2#7 Warning
Input pipelining  
DSP design_1_i/hier_DACgeneration/DAC_generator_16w_0/U0/params_generator/linear_interpolation0__0 input design_1_i/hier_DACgeneration/DAC_generator_16w_0/U0/params_generator/linear_interpolation0__0/B[17:0] is not pipelined. Pipelining DSP48 input will improve performance.
Related violations: <none>

DPIP-2#8 Warning
Input pipelining  
DSP design_1_i/hier_DACgeneration/DAC_generator_16w_0/U0/params_generator/linear_interpolation2 input design_1_i/hier_DACgeneration/DAC_generator_16w_0/U0/params_generator/linear_interpolation2/A[29:0] is not pipelined. Pipelining DSP48 input will improve performance.
Related violations: <none>

DPIP-2#9 Warning
Input pipelining  
DSP design_1_i/hier_DACgeneration/DAC_generator_16w_0/U0/params_generator/temp1 input design_1_i/hier_DACgeneration/DAC_generator_16w_0/U0/params_generator/temp1/A[29:0] is not pipelined. Pipelining DSP48 input will improve performance.
Related violations: <none>

DPOP-3#1 Warning
PREG Output pipelining  
DSP design_1_i/hier_DACgeneration/DAC_generator_16w_0/U0/params_generator/alfa_out_00 output design_1_i/hier_DACgeneration/DAC_generator_16w_0/U0/params_generator/alfa_out_00/P[47:0] is not pipelined (PREG=0). Pipelining the DSP48 output will improve performance and often saves power so it is suggested whenever possible to fully pipeline this function.  If this DSP48 function was inferred, it is suggested to describe an additional register stage after this function.  If the DSP48 was instantiated in the design, it is suggested to set the PREG attribute to 1.
Related violations: <none>

DPOP-3#2 Warning
PREG Output pipelining  
DSP design_1_i/hier_DACgeneration/DAC_generator_16w_0/U0/params_generator/alfa_out_01 output design_1_i/hier_DACgeneration/DAC_generator_16w_0/U0/params_generator/alfa_out_01/P[47:0] is not pipelined (PREG=0). Pipelining the DSP48 output will improve performance and often saves power so it is suggested whenever possible to fully pipeline this function.  If this DSP48 function was inferred, it is suggested to describe an additional register stage after this function.  If the DSP48 was instantiated in the design, it is suggested to set the PREG attribute to 1.
Related violations: <none>

DPOP-3#3 Warning
PREG Output pipelining  
DSP design_1_i/hier_DACgeneration/DAC_generator_16w_0/U0/params_generator/linear_interpolation0 output design_1_i/hier_DACgeneration/DAC_generator_16w_0/U0/params_generator/linear_interpolation0/P[47:0] is not pipelined (PREG=0). Pipelining the DSP48 output will improve performance and often saves power so it is suggested whenever possible to fully pipeline this function.  If this DSP48 function was inferred, it is suggested to describe an additional register stage after this function.  If the DSP48 was instantiated in the design, it is suggested to set the PREG attribute to 1.
Related violations: <none>

DPOP-3#4 Warning
PREG Output pipelining  
DSP design_1_i/hier_DACgeneration/DAC_generator_16w_0/U0/params_generator/linear_interpolation0__0 output design_1_i/hier_DACgeneration/DAC_generator_16w_0/U0/params_generator/linear_interpolation0__0/P[47:0] is not pipelined (PREG=0). Pipelining the DSP48 output will improve performance and often saves power so it is suggested whenever possible to fully pipeline this function.  If this DSP48 function was inferred, it is suggested to describe an additional register stage after this function.  If the DSP48 was instantiated in the design, it is suggested to set the PREG attribute to 1.
Related violations: <none>

DPOP-3#5 Warning
PREG Output pipelining  
DSP design_1_i/hier_DACgeneration/DAC_generator_16w_0/U0/params_generator/linear_interpolation2 output design_1_i/hier_DACgeneration/DAC_generator_16w_0/U0/params_generator/linear_interpolation2/P[47:0] is not pipelined (PREG=0). Pipelining the DSP48 output will improve performance and often saves power so it is suggested whenever possible to fully pipeline this function.  If this DSP48 function was inferred, it is suggested to describe an additional register stage after this function.  If the DSP48 was instantiated in the design, it is suggested to set the PREG attribute to 1.
Related violations: <none>

DPOP-3#6 Warning
PREG Output pipelining  
DSP design_1_i/hier_DACgeneration/DAC_generator_16w_0/U0/params_generator/temp1 output design_1_i/hier_DACgeneration/DAC_generator_16w_0/U0/params_generator/temp1/P[47:0] is not pipelined (PREG=0). Pipelining the DSP48 output will improve performance and often saves power so it is suggested whenever possible to fully pipeline this function.  If this DSP48 function was inferred, it is suggested to describe an additional register stage after this function.  If the DSP48 was instantiated in the design, it is suggested to set the PREG attribute to 1.
Related violations: <none>

DPOP-4#1 Warning
MREG Output pipelining  
DSP design_1_i/hier_DACgeneration/DAC_generator_16w_0/U0/params_generator/alfa_out_00 multiplier stage design_1_i/hier_DACgeneration/DAC_generator_16w_0/U0/params_generator/alfa_out_00/P[47:0] is not pipelined (MREG=0). Pipelining the multiplier function will improve performance and will save significant power so it is suggested whenever possible to fully pipeline this function.  If this multiplier was inferred, it is suggested to describe an additional register stage after this function.  If there is no registered adder/accumulator following the multiply function, two pipeline stages are suggested to allow both the MREG and PREG registers to be used.  If the DSP48 was instantiated in the design, it is suggested to set both the MREG and PREG attributes to 1 when performing multiply functions.
Related violations: <none>

DPOP-4#2 Warning
MREG Output pipelining  
DSP design_1_i/hier_DACgeneration/DAC_generator_16w_0/U0/params_generator/alfa_out_01 multiplier stage design_1_i/hier_DACgeneration/DAC_generator_16w_0/U0/params_generator/alfa_out_01/P[47:0] is not pipelined (MREG=0). Pipelining the multiplier function will improve performance and will save significant power so it is suggested whenever possible to fully pipeline this function.  If this multiplier was inferred, it is suggested to describe an additional register stage after this function.  If there is no registered adder/accumulator following the multiply function, two pipeline stages are suggested to allow both the MREG and PREG registers to be used.  If the DSP48 was instantiated in the design, it is suggested to set both the MREG and PREG attributes to 1 when performing multiply functions.
Related violations: <none>

DPOP-4#3 Warning
MREG Output pipelining  
DSP design_1_i/hier_DACgeneration/DAC_generator_16w_0/U0/params_generator/linear_interpolation0 multiplier stage design_1_i/hier_DACgeneration/DAC_generator_16w_0/U0/params_generator/linear_interpolation0/P[47:0] is not pipelined (MREG=0). Pipelining the multiplier function will improve performance and will save significant power so it is suggested whenever possible to fully pipeline this function.  If this multiplier was inferred, it is suggested to describe an additional register stage after this function.  If there is no registered adder/accumulator following the multiply function, two pipeline stages are suggested to allow both the MREG and PREG registers to be used.  If the DSP48 was instantiated in the design, it is suggested to set both the MREG and PREG attributes to 1 when performing multiply functions.
Related violations: <none>

DPOP-4#4 Warning
MREG Output pipelining  
DSP design_1_i/hier_DACgeneration/DAC_generator_16w_0/U0/params_generator/linear_interpolation0__0 multiplier stage design_1_i/hier_DACgeneration/DAC_generator_16w_0/U0/params_generator/linear_interpolation0__0/P[47:0] is not pipelined (MREG=0). Pipelining the multiplier function will improve performance and will save significant power so it is suggested whenever possible to fully pipeline this function.  If this multiplier was inferred, it is suggested to describe an additional register stage after this function.  If there is no registered adder/accumulator following the multiply function, two pipeline stages are suggested to allow both the MREG and PREG registers to be used.  If the DSP48 was instantiated in the design, it is suggested to set both the MREG and PREG attributes to 1 when performing multiply functions.
Related violations: <none>

DPOP-4#5 Warning
MREG Output pipelining  
DSP design_1_i/hier_DACgeneration/DAC_generator_16w_0/U0/params_generator/linear_interpolation2 multiplier stage design_1_i/hier_DACgeneration/DAC_generator_16w_0/U0/params_generator/linear_interpolation2/P[47:0] is not pipelined (MREG=0). Pipelining the multiplier function will improve performance and will save significant power so it is suggested whenever possible to fully pipeline this function.  If this multiplier was inferred, it is suggested to describe an additional register stage after this function.  If there is no registered adder/accumulator following the multiply function, two pipeline stages are suggested to allow both the MREG and PREG registers to be used.  If the DSP48 was instantiated in the design, it is suggested to set both the MREG and PREG attributes to 1 when performing multiply functions.
Related violations: <none>

DPOP-4#6 Warning
MREG Output pipelining  
DSP design_1_i/hier_DACgeneration/DAC_generator_16w_0/U0/params_generator/temp1 multiplier stage design_1_i/hier_DACgeneration/DAC_generator_16w_0/U0/params_generator/temp1/P[47:0] is not pipelined (MREG=0). Pipelining the multiplier function will improve performance and will save significant power so it is suggested whenever possible to fully pipeline this function.  If this multiplier was inferred, it is suggested to describe an additional register stage after this function.  If there is no registered adder/accumulator following the multiply function, two pipeline stages are suggested to allow both the MREG and PREG registers to be used.  If the DSP48 was instantiated in the design, it is suggested to set both the MREG and PREG attributes to 1 when performing multiply functions.
Related violations: <none>


