#-----------------------------------------------------------
# Vivado v2022.1 (64-bit)
# SW Build 3526262 on Mon Apr 18 15:48:16 MDT 2022
# IP Build 3524634 on Mon Apr 18 20:55:01 MDT 2022
# Start of session at: Sun Aug 20 16:08:40 2023
# Process ID: 3444
# Current directory: C:/Users/raque/OneDrive/Documentos/master/TFM/Vivado/RFSoCoverlay/RFSoCoverlay.runs/design_1_axi_bram_ctrl_1_0_synth_1
# Command line: vivado.exe -log design_1_axi_bram_ctrl_1_0.vds -product Vivado -mode batch -messageDb vivado.pb -notrace -source design_1_axi_bram_ctrl_1_0.tcl
# Log file: C:/Users/raque/OneDrive/Documentos/master/TFM/Vivado/RFSoCoverlay/RFSoCoverlay.runs/design_1_axi_bram_ctrl_1_0_synth_1/design_1_axi_bram_ctrl_1_0.vds
# Journal file: C:/Users/raque/OneDrive/Documentos/master/TFM/Vivado/RFSoCoverlay/RFSoCoverlay.runs/design_1_axi_bram_ctrl_1_0_synth_1\vivado.jou
# Running On: DESKTOP-37DH2T5, OS: Windows, CPU Frequency: 1382 MHz, CPU Physical cores: 4, Host memory: 8303 MB
#-----------------------------------------------------------
source design_1_axi_bram_ctrl_1_0.tcl -notrace
